question 3 of module2


shylesh@shylesh-VivoBook-ASUSLaptop-X515EA-X515EA:~/Desktop/Shylesh_LinuxTraining_Module2$ cat log.txt

DEBUG: Starting the application initialization.
ERROR: Unable to connect to the database.
INFO: User 'admin' logged in successfully.
DEBUG: Fetching configuration settings from the server.
ERROR: DEBUG - Configuration settings could not be applied.
INFO: Scheduled job 'backup' completed successfully.
DEBUG: Connection to server timed out. Retrying...
ERROR: Failed to fetch data from API endpoint '/users'.
INFO: Maintenance mode activated.
ERROR: DEBUG - Query execution failed due to a syntax error.
DEBUG: Reloading application modules.
ERROR: Missing required parameter in the request.
INFO: Shutting down the system gracefully.
DEBUG: Closing unused network connections.
ERROR: DEBUG - Unexpected server response received.

shylesh@shylesh-VivoBook-ASUSLaptop-X515EA-X515EA:~/Desktop/Shylesh_LinuxTraining_Module2$ grep "^ERROR" log.txt > filtered_log.txt
shylesh@shylesh-VivoBook-ASUSLaptop-X515EA-X515EA:~/Desktop/Shylesh_LinuxTraining_Module2$ cat  filtered_log.txt

ERROR: Unable to connect to the database.
ERROR: DEBUG - Configuration settings could not be applied.
ERROR: Failed to fetch data from API endpoint '/users'.
ERROR: DEBUG - Query execution failed due to a syntax error.
ERROR: Missing required parameter in the request.
ERROR: DEBUG - Unexpected server response received.

shylesh@shylesh-VivoBook-ASUSLaptop-X515EA-X515EA:~/Desktop/Shylesh_LinuxTraining_Module2$ sed -i '/DEBUG/d' filtered_log.txt
shylesh@shylesh-VivoBook-ASUSLaptop-X515EA-X515EA:~/Desktop/Shylesh_LinuxTraining_Module2$ cat filtered_log.txt

ERROR: Unable to connect to the database.
ERROR: Failed to fetch data from API endpoint '/users'.
ERROR: Missing required parameter in the request.

